files/88.csv
id,week,center_id,meal_id,checkout_price,base_price,emailer_for_promotion,homepage_featured,num_orders
1055557,1,88,1902,485.03,484.03,0,0,13
1416954,2,88,1902,484.03,486.03,0,0,15
1128846,3,88,1902,486.03,485.03,0,0,13
1053708,6,88,1902,484.03,486.03,0,0,15
1046101,7,88,1902,484.03,484.03,0,0,26
1120548,9,88,1902,484.03,484.03,0,0,13
1389894,10,88,1902,485.03,484.03,0,0,13
1042631,11,88,1902,484.03,486.03,0,0,28
1339025,13,88,1902,485.03,485.03,0,0,15
1206745,14,88,1902,454.93,454.93,0,0,27
1404235,17,88,1902,456.93,456.93,0,0,15
1142575,25,88,1902,485.03,485.03,0,0,13
1429410,26,88,1902,484.03,486.03,0,0,14
1247316,28,88,1902,485.03,484.03,0,0,14
1116591,32,88,1902,486.03,486.03,0,0,14
1199335,34,88,1902,484.03,484.03,0,0,15
1468732,39,88,1902,486.03,484.03,0,0,13
1028330,40,88,1902,486.03,485.03,0,0,14
1286834,41,88,1902,485.03,485.03,0,0,15
1409569,43,88,1902,484.03,484.03,0,0,28
1034360,46,88,1902,485.03,486.03,0,0,15
1076305,47,88,1902,486.03,486.03,0,1,14
1044044,48,88,1902,485.03,484.03,0,1,13
1223985,50,88,1902,486.03,486.03,0,0,14
1134790,51,88,1902,486.03,486.03,0,0,13
1137182,52,88,1902,437.53,486.03,0,0,26
1336346,53,88,1902,389.03,486.03,0,0,13
1410546,54,88,1902,388.03,485.03,0,0,14
1095626,55,88,1902,387.03,486.03,0,0,13
1150148,56,88,1902,387.03,486.03,0,0,14
1115703,57,88,1902,486.03,484.03,0,0,14
1051334,58,88,1902,486.03,486.03,0,0,13
1275709,59,88,1902,486.03,484.03,0,0,26
1136737,61,88,1902,445.23,447.23,0,0,15
1127494,62,88,1902,447.23,447.23,0,0,13
1289126,63,88,1902,446.23,446.23,0,0,28
1088715,64,88,1902,446.23,446.23,0,0,14
1175722,66,88,1902,447.23,446.23,0,0,13
1179799,67,88,1902,446.23,447.23,0,0,15
1158207,68,88,1902,417.13,417.13,0,0,27
1219566,69,88,1902,417.13,418.13,0,0,27
1157882,70,88,1902,436.53,436.53,0,0,42
1316388,71,88,1902,416.13,417.13,0,0,15
1019783,72,88,1902,418.13,416.13,0,0,15
1155010,73,88,1902,446.23,447.23,0,0,15
1224050,76,88,1902,446.23,445.23,0,0,14
1225531,77,88,1902,446.23,445.23,0,0,26
1092456,78,88,1902,447.23,447.23,0,0,14
1098853,81,88,1902,447.23,445.23,0,0,14
1414677,82,88,1902,445.23,447.23,0,0,14
1451730,86,88,1902,447.23,445.23,0,0,15
1310031,87,88,1902,447.23,446.23,0,0,13
1116145,89,88,1902,446.23,445.23,0,0,14
1289766,91,88,1902,445.23,445.23,0,0,14
1187132,92,88,1902,447.23,445.23,0,0,13
1060042,96,88,1902,447.23,447.23,0,0,28
1196032,98,88,1902,447.23,446.23,0,0,14
1273609,99,88,1902,446.23,446.23,0,0,15
1268957,106,88,1902,388.03,445.23,0,0,15
1344527,107,88,1902,387.03,446.23,0,0,42
1445798,111,88,1902,446.23,446.23,0,0,15
1361361,113,88,1902,447.23,446.23,0,0,40
1093529,116,88,1902,447.23,446.23,0,0,27
1285780,117,88,1902,447.23,446.23,0,0,13
1367660,118,88,1902,445.23,446.23,0,0,28
1385898,124,88,1902,445.23,446.23,0,0,14
1354536,125,88,1902,445.23,447.23,0,0,15
1181242,128,88,1902,445.23,446.23,0,0,13
1379186,129,88,1902,447.23,445.23,0,0,15
1128549,133,88,1902,446.23,446.23,0,0,15
1378818,137,88,1902,388.03,445.23,0,0,26
1013109,138,88,1902,389.03,447.23,0,0,28
1231873,139,88,1902,388.03,447.23,0,0,14
1226826,140,88,1902,388.03,446.23,0,0,15
1079330,142,88,1902,446.23,445.23,0,0,14
1318821,143,88,1902,445.23,446.23,0,0,27
1287133,1,88,1770,484.03,484.03,0,0,28
1017340,2,88,1770,486.03,486.03,0,0,27
1033988,3,88,1770,486.03,485.03,0,0,28
1108948,4,88,1770,486.03,486.03,0,0,42
1002732,7,88,1770,485.03,486.03,0,0,14
1420523,8,88,1770,484.03,486.03,0,0,27
1319654,9,88,1770,485.03,484.03,0,0,14
1148153,11,88,1770,486.03,486.03,0,0,27
1082983,12,88,1770,486.03,485.03,0,0,15
1176798,14,88,1770,485.03,486.03,0,0,15
1197164,15,88,1770,485.03,486.03,0,0,15
1179469,17,88,1770,388.03,486.03,0,0,40
1483086,18,88,1770,387.03,485.03,0,0,54
1141496,22,88,1770,486.03,486.03,0,0,14
1306869,25,88,1770,486.03,485.03,0,0,28
1499758,27,88,1770,486.03,485.03,0,0,14
1264940,29,88,1770,389.03,485.03,0,0,28
1352884,30,88,1770,388.03,484.03,0,0,26
1352546,32,88,1770,486.03,484.03,0,0,13
1365918,33,88,1770,486.03,485.03,0,0,14
1470778,37,88,1770,486.03,486.03,0,0,14
1424557,38,88,1770,484.03,484.03,0,0,26
1059167,39,88,1770,486.03,485.03,0,0,15
1308926,40,88,1770,486.03,485.03,0,0,13
1436241,41,88,1770,484.03,486.03,0,0,15
1070019,45,88,1770,435.53,485.03,0,0,15
1451451,46,88,1770,437.53,486.03,0,0,27
1040121,48,88,1770,436.53,484.03,0,0,14
1018981,49,88,1770,486.03,484.03,0,0,14
1411699,50,88,1770,485.03,486.03,0,0,14
1136752,51,88,1770,486.03,485.03,0,0,14
1307605,54,88,1770,387.03,486.03,0,0,28
1037621,55,88,1770,389.03,485.03,0,0,27
1026092,56,88,1770,387.03,486.03,0,0,13
1355409,58,88,1770,484.03,485.03,0,0,15
1425379,60,88,1770,486.03,484.03,0,0,15
1120450,62,88,1770,484.03,486.03,0,0,15
1142512,63,88,1770,485.03,484.03,0,0,14
1080538,64,88,1770,484.03,484.03,0,0,28
1435089,66,88,1770,485.03,484.03,0,0,28
1321706,67,88,1770,484.03,485.03,0,0,15
1439639,68,88,1770,465.63,464.63,0,0,14
1187671,71,88,1770,466.63,465.63,0,0,13
1151332,73,88,1770,486.03,485.03,0,0,13
1044213,74,88,1770,486.03,484.03,0,0,27
1367329,75,88,1770,486.03,486.03,0,0,42
1146146,77,88,1770,486.03,484.03,0,0,15
1474875,79,88,1770,484.03,486.03,0,0,27
1066994,80,88,1770,484.03,486.03,0,0,15
1308484,82,88,1770,484.03,486.03,0,0,53
1456501,85,88,1770,486.03,485.03,0,0,28
1399373,86,88,1770,485.03,486.03,0,0,28
1275313,89,88,1770,454.93,454.93,0,0,27
1391394,91,88,1770,455.93,455.93,0,0,27
1327330,92,88,1770,454.93,456.93,0,0,13
1301383,93,88,1770,486.03,486.03,0,0,14
1035065,94,88,1770,485.03,484.03,0,0,15
1429568,100,88,1770,485.03,485.03,0,0,28
1064164,101,88,1770,486.03,485.03,0,0,13
1339695,103,88,1770,486.03,486.03,0,0,14
1167098,104,88,1770,485.03,486.03,0,0,15
1072519,105,88,1770,413.28,484.03,0,0,14
1463977,106,88,1770,411.28,485.03,0,0,14
1079550,107,88,1770,484.03,484.03,0,0,13
1290799,109,88,1770,484.03,485.03,0,0,28
1300138,110,88,1770,486.03,486.03,0,0,26
1384291,115,88,1770,484.03,484.03,0,0,14
1115541,116,88,1770,484.03,484.03,0,0,13
1013984,117,88,1770,485.03,485.03,0,0,14
1245487,120,88,1770,411.28,486.03,0,0,15
1416910,121,88,1770,412.28,484.03,0,0,13
1122092,122,88,1770,411.28,486.03,0,0,15
1467508,124,88,1770,485.03,486.03,0,0,28
1411922,125,88,1770,485.03,486.03,0,0,26
1468477,126,88,1770,486.03,485.03,0,0,27
1405277,128,88,1770,484.03,485.03,0,0,15
1090076,129,88,1770,485.03,486.03,0,0,15
1190388,132,88,1770,446.23,445.23,0,0,15
1036847,134,88,1770,485.03,485.03,0,0,26
1463704,135,88,1770,485.03,486.03,0,0,15
1184464,139,88,1770,485.03,484.03,0,0,27
1094961,141,88,1770,486.03,485.03,0,0,13
1027804,142,88,1770,485.03,485.03,0,0,27
1309949,143,88,1770,485.03,486.03,0,0,13
1295456,145,88,1770,456.93,455.93,0,0,26
1384527,1,88,1558,584.94,610.13,1,1,188
1131343,2,88,1558,582.03,612.13,1,1,177
1189889,3,88,1558,611.13,612.13,0,0,94
1374722,4,88,1558,612.13,611.13,0,0,42
1473652,5,88,1558,618.89,618.89,0,0,53
1164832,6,88,1558,619.83,619.83,0,0,41
1283795,7,88,1558,621.83,620.83,0,0,27
1363836,8,88,1558,607.22,609.22,0,0,67
1471400,9,88,1558,581.03,582.03,0,0,82
1110779,10,88,1558,588.79,588.79,0,0,68
1249820,11,88,1558,582.03,581.03,0,0,28
1424594,12,88,1558,534.53,582.03,1,1,203
1467926,13,88,1558,533.53,582.03,1,1,203
1273080,14,88,1558,640.23,640.23,0,0,55
1144070,15,88,1558,639.23,640.23,0,0,68
1487446,16,88,1558,640.23,639.23,0,0,40
1060780,17,88,1558,640.23,641.23,0,0,42
1417478,18,88,1558,640.23,639.23,0,0,26
1098596,19,88,1558,640.23,639.23,0,0,27
1345608,20,88,1558,486.03,639.23,1,1,150
1234832,21,88,1558,499.55,641.23,1,0,134
1185117,22,88,1558,639.23,640.23,0,0,94
1366887,23,88,1558,639.23,639.23,0,0,95
1492989,24,88,1558,641.23,639.23,0,0,69
1091095,25,88,1558,639.23,639.23,0,0,55
1023068,26,88,1558,484.03,640.23,1,1,175
1083489,27,88,1558,485.03,639.23,1,1,215
1400297,28,88,1558,640.23,639.23,0,0,69
1013994,29,88,1558,640.23,640.23,0,0,123
1296921,30,88,1558,641.23,640.23,0,0,81
1452079,31,88,1558,641.23,641.23,0,0,41
1302375,32,88,1558,639.23,640.23,0,0,189
1384017,33,88,1558,641.23,640.23,0,0,13
1303963,34,88,1558,641.23,641.23,0,0,41
1316148,35,88,1558,641.23,639.23,0,0,41
1195827,36,88,1558,641.23,641.23,0,0,67
1090423,37,88,1558,443.32,641.23,1,0,325
1149834,38,88,1558,443.35,641.23,1,0,392
1018912,39,88,1558,450.14,639.23,0,0,161
1103919,40,88,1558,433.59,639.23,0,0,122
1346870,41,88,1558,639.23,640.23,0,0,94
1133429,42,88,1558,639.23,639.23,0,0,67
1073556,43,88,1558,640.23,641.23,0,0,67
1223517,44,88,1558,630.56,628.56,0,0,136
1084782,45,88,1558,533.53,630.56,1,1,258
1036807,46,88,1558,539.38,628.56,1,1,298
1074955,47,88,1558,532.53,629.56,1,1,242
1288764,48,88,1558,583.03,581.03,0,0,150
1335468,49,88,1558,640.23,639.23,0,0,81
1389367,50,88,1558,640.23,639.23,0,0,163
1210620,51,88,1558,639.23,639.23,0,0,95
1334817,52,88,1558,641.23,640.23,0,0,96
1352303,53,88,1558,640.23,641.23,0,0,108
1106757,54,88,1558,641.23,639.23,0,0,177
1130456,55,88,1558,502.49,640.23,1,0,121
1050008,57,88,1558,641.23,639.23,0,0,42
1206637,58,88,1558,639.23,639.23,0,0,53
1363042,59,88,1558,639.23,641.23,0,0,96
1073312,60,88,1558,641.23,639.23,0,0,108
1270784,61,88,1558,441.35,639.23,1,0,338
1162216,62,88,1558,453.02,639.23,0,0,69
1308232,63,88,1558,433.59,639.23,1,0,229
1212470,64,88,1558,433.59,639.23,1,1,161
1222272,65,88,1558,639.23,640.23,0,0,27
1430492,66,88,1558,639.23,640.23,0,0,81
1037558,67,88,1558,641.23,640.23,0,0,53
1429205,68,88,1558,640.23,641.23,0,0,108
1418116,69,88,1558,639.23,639.23,0,0,81
1207895,70,88,1558,641.23,639.23,0,0,27
1165909,71,88,1558,639.23,640.23,0,0,14
1118844,72,88,1558,639.23,640.23,0,0,14
1222747,73,88,1558,640.23,640.23,0,0,68
1234414,74,88,1558,639.23,641.23,0,0,69
1388946,75,88,1558,485.03,641.23,1,0,283
1148775,76,88,1558,486.03,639.23,1,1,325
1044623,77,88,1558,640.23,639.23,0,0,28
1198464,78,88,1558,639.23,641.23,0,0,69
1429008,79,88,1558,464.69,640.23,1,1,188
1366069,80,88,1558,640.23,640.23,0,0,26
1243582,81,88,1558,640.23,639.23,0,0,55
1485628,82,88,1558,640.23,641.23,0,0,41
1013146,83,88,1558,639.23,641.23,0,0,28
1126868,84,88,1558,493.76,640.23,1,0,230
1183792,85,88,1558,493.79,641.23,1,0,284
1321622,86,88,1558,484.03,639.23,0,0,80
1191080,87,88,1558,486.03,640.23,0,0,54
1267262,88,88,1558,484.03,641.23,0,0,150
1063620,89,88,1558,462.69,640.23,1,0,391
1433905,90,88,1558,484.03,641.23,0,0,95
1196276,91,88,1558,486.03,640.23,0,0,26
1331394,92,88,1558,444.26,641.23,1,1,405
1403724,93,88,1558,437.53,640.23,1,1,553
1433758,94,88,1558,639.23,639.23,0,0,13
1097765,95,88,1558,640.23,640.23,0,0,54
1479429,96,88,1558,639.23,641.23,0,0,27
1313170,97,88,1558,639.23,639.23,0,0,26
1469673,98,88,1558,534.5,639.23,1,0,40
1167485,99,88,1558,533.5,639.23,1,0,68
1169321,100,88,1558,639.23,641.23,0,0,69
1032531,101,88,1558,641.23,639.23,0,0,41
1369905,102,88,1558,640.23,641.23,0,0,28
1087989,103,88,1558,640.23,640.23,0,0,42
1166547,104,88,1558,641.23,641.23,0,0,53
1020581,105,88,1558,639.23,639.23,0,0,55
1137225,106,88,1558,639.23,641.23,0,0,95
1403830,107,88,1558,639.23,641.23,0,0,13
1280820,108,88,1558,485.03,641.23,0,0,149
1173450,109,88,1558,484.03,640.23,1,0,69
1089894,110,88,1558,639.23,640.23,0,0,14
1110585,111,88,1558,640.23,641.23,0,0,53
1153560,112,88,1558,640.23,641.23,0,0,54
1394228,113,88,1558,473.42,640.23,1,1,271
1076164,114,88,1558,464.69,640.23,1,1,296
1046327,115,88,1558,463.69,641.23,1,1,177
1102904,116,88,1558,462.69,641.23,1,1,134
1318222,117,88,1558,432.68,640.23,1,0,40
1380384,118,88,1558,640.23,641.23,0,0,135
1121858,119,88,1558,639.23,640.23,0,0,13
1161555,120,88,1558,651.87,652.87,0,0,67
1325010,121,88,1558,487,651.87,1,1,161
1499284,122,88,1558,659.63,659.63,0,0,14
1401783,123,88,1558,584.91,658.63,0,0,54
1254695,124,88,1558,513.19,660.63,0,0,27
1387055,126,88,1558,511.19,658.63,1,1,217
1028257,127,88,1558,513.19,660.63,1,0,215
1146975,128,88,1558,511.19,659.63,0,0,122
1212131,129,88,1558,511.19,658.63,0,0,15
1262355,130,88,1558,484.03,659.63,1,0,149
1259462,131,88,1558,485.03,660.63,1,1,244
1169786,132,88,1558,533.53,659.63,0,0,176
1212629,133,88,1558,532.53,659.63,0,0,96
1327481,134,88,1558,532.53,534.53,0,0,123
1450814,135,88,1558,532.53,532.53,1,1,311
1416055,136,88,1558,532.53,534.53,1,1,229
1049714,137,88,1558,533.53,533.53,0,0,107
1054332,138,88,1558,534.53,533.53,0,0,148
1310078,139,88,1558,534.53,532.53,0,0,121
1433231,140,88,1558,532.53,532.53,0,0,81
1032980,141,88,1558,501.52,532.53,1,1,203
1051513,142,88,1558,515.07,532.53,1,1,231
1226759,143,88,1558,513.13,515.13,0,0,148
1074671,144,88,1558,513.19,511.19,0,0,107
1192928,145,88,1558,511.19,512.19,0,0,150
